devkitadv-r5-beta-3/arm-agb-elf/bin/ar.exe
devkitadv-r5-beta-3/arm-agb-elf/bin/as.exe
devkitadv-r5-beta-3/arm-agb-elf/bin/gprof.exe
devkitadv-r5-beta-3/arm-agb-elf/bin/ld.exe
devkitadv-r5-beta-3/arm-agb-elf/bin/nm.exe
devkitadv-r5-beta-3/arm-agb-elf/bin/ranlib.exe
devkitadv-r5-beta-3/arm-agb-elf/bin/strip.exe
devkitadv-r5-beta-3/arm-agb-elf/lib/ldscripts/armaoutl.x
devkitadv-r5-beta-3/arm-agb-elf/lib/ldscripts/armaoutl.xbn
devkitadv-r5-beta-3/arm-agb-elf/lib/ldscripts/armaoutl.xn
devkitadv-r5-beta-3/arm-agb-elf/lib/ldscripts/armaoutl.xr
devkitadv-r5-beta-3/arm-agb-elf/lib/ldscripts/armaoutl.xu
devkitadv-r5-beta-3/arm-agb-elf/lib/ldscripts/armcoff.x
devkitadv-r5-beta-3/arm-agb-elf/lib/ldscripts/armcoff.xbn
devkitadv-r5-beta-3/arm-agb-elf/lib/ldscripts/armcoff.xn
devkitadv-r5-beta-3/arm-agb-elf/lib/ldscripts/armcoff.xr
devkitadv-r5-beta-3/arm-agb-elf/lib/ldscripts/armcoff.xu
devkitadv-r5-beta-3/arm-agb-elf/lib/ldscripts/armelf.x
devkitadv-r5-beta-3/arm-agb-elf/lib/ldscripts/armelf.xbn
devkitadv-r5-beta-3/arm-agb-elf/lib/ldscripts/armelf.xc
devkitadv-r5-beta-3/arm-agb-elf/lib/ldscripts/armelf.xn
devkitadv-r5-beta-3/arm-agb-elf/lib/ldscripts/armelf.xr
devkitadv-r5-beta-3/arm-agb-elf/lib/ldscripts/armelf.xs
devkitadv-r5-beta-3/arm-agb-elf/lib/ldscripts/armelf.xsc
devkitadv-r5-beta-3/arm-agb-elf/lib/ldscripts/armelf.xu
devkitadv-r5-beta-3/arm-agb-elf/lib/ldscripts/armelf_agb.x
devkitadv-r5-beta-3/arm-agb-elf/lib/ldscripts/armelf_agb.xbn
devkitadv-r5-beta-3/arm-agb-elf/lib/ldscripts/armelf_agb.xn
devkitadv-r5-beta-3/arm-agb-elf/lib/ldscripts/armelf_agb.xr
devkitadv-r5-beta-3/arm-agb-elf/lib/ldscripts/armelf_agb.xu
devkitadv-r5-beta-3/arm-agb-elf/lib/ldscripts/armpe.x
devkitadv-r5-beta-3/arm-agb-elf/lib/ldscripts/armpe.xbn
devkitadv-r5-beta-3/arm-agb-elf/lib/ldscripts/armpe.xn
devkitadv-r5-beta-3/arm-agb-elf/lib/ldscripts/armpe.xr
devkitadv-r5-beta-3/arm-agb-elf/lib/ldscripts/armpe.xu
devkitadv-r5-beta-3/bin/addr2line.exe
devkitadv-r5-beta-3/bin/ar.exe
devkitadv-r5-beta-3/bin/arm-agb-elf-addr2line.exe
devkitadv-r5-beta-3/bin/arm-agb-elf-ar.exe
devkitadv-r5-beta-3/bin/arm-agb-elf-as.exe
devkitadv-r5-beta-3/bin/arm-agb-elf-c++filt.exe
devkitadv-r5-beta-3/bin/arm-agb-elf-gprof.exe
devkitadv-r5-beta-3/bin/arm-agb-elf-ld.exe
devkitadv-r5-beta-3/bin/arm-agb-elf-nm.exe
devkitadv-r5-beta-3/bin/arm-agb-elf-objcopy.exe
devkitadv-r5-beta-3/bin/arm-agb-elf-objdump.exe
devkitadv-r5-beta-3/bin/arm-agb-elf-ranlib.exe
devkitadv-r5-beta-3/bin/arm-agb-elf-readelf.exe
devkitadv-r5-beta-3/bin/arm-agb-elf-size.exe
devkitadv-r5-beta-3/bin/arm-agb-elf-strings.exe
devkitadv-r5-beta-3/bin/arm-agb-elf-strip.exe
devkitadv-r5-beta-3/bin/as.exe
devkitadv-r5-beta-3/bin/c++filt.exe
devkitadv-r5-beta-3/bin/ld.exe
devkitadv-r5-beta-3/bin/nm.exe
devkitadv-r5-beta-3/bin/objcopy.exe
devkitadv-r5-beta-3/bin/objdump.exe
devkitadv-r5-beta-3/bin/ranlib.exe
devkitadv-r5-beta-3/bin/readelf.exe
devkitadv-r5-beta-3/bin/size.exe
devkitadv-r5-beta-3/bin/strings.exe
devkitadv-r5-beta-3/bin/strip.exe
devkitadv-r5-beta-3/share/locale/da/LC_MESSAGES/bfd.mo
devkitadv-r5-beta-3/share/locale/da/LC_MESSAGES/binutils.mo
devkitadv-r5-beta-3/share/locale/da/LC_MESSAGES/opcodes.mo
devkitadv-r5-beta-3/share/locale/de/LC_MESSAGES/opcodes.mo
devkitadv-r5-beta-3/share/locale/es/LC_MESSAGES/bfd.mo
devkitadv-r5-beta-3/share/locale/es/LC_MESSAGES/binutils.mo
devkitadv-r5-beta-3/share/locale/es/LC_MESSAGES/gas.mo
devkitadv-r5-beta-3/share/locale/es/LC_MESSAGES/ld.mo
devkitadv-r5-beta-3/share/locale/es/LC_MESSAGES/opcodes.mo
devkitadv-r5-beta-3/share/locale/fr/LC_MESSAGES/bfd.mo
devkitadv-r5-beta-3/share/locale/fr/LC_MESSAGES/binutils.mo
devkitadv-r5-beta-3/share/locale/fr/LC_MESSAGES/gas.mo
devkitadv-r5-beta-3/share/locale/fr/LC_MESSAGES/ld.mo
devkitadv-r5-beta-3/share/locale/fr/LC_MESSAGES/opcodes.mo
devkitadv-r5-beta-3/share/locale/id/LC_MESSAGES/opcodes.mo
devkitadv-r5-beta-3/share/locale/ja/LC_MESSAGES/bfd.mo
devkitadv-r5-beta-3/share/locale/ja/LC_MESSAGES/binutils.mo
devkitadv-r5-beta-3/share/locale/pt_BR/LC_MESSAGES/opcodes.mo
devkitadv-r5-beta-3/share/locale/sv/LC_MESSAGES/bfd.mo
devkitadv-r5-beta-3/share/locale/sv/LC_MESSAGES/binutils.mo
devkitadv-r5-beta-3/share/locale/sv/LC_MESSAGES/ld.mo
devkitadv-r5-beta-3/share/locale/sv/LC_MESSAGES/opcodes.mo
devkitadv-r5-beta-3/share/locale/tr/LC_MESSAGES/bfd.mo
devkitadv-r5-beta-3/share/locale/tr/LC_MESSAGES/binutils.mo
devkitadv-r5-beta-3/share/locale/tr/LC_MESSAGES/gas.mo
devkitadv-r5-beta-3/share/locale/tr/LC_MESSAGES/ld.mo
devkitadv-r5-beta-3/share/locale/tr/LC_MESSAGES/opcodes.mo
devkitadv-r5-beta-3/binutils.lst
devkitadv-r5-beta-3/doc/COPYING-BINUTILS.txt
