Archive member included to satisfy reference by file (symbol)

C:/devkitPro/devkitARM/bin/../lib/gcc/arm-none-eabi/13.1.0/../../../../arm-none-eabi/lib/thumb\libg.a(libc_a-init.o)
                              C:/devkitPro/devkitARM/bin/../lib/gcc/arm-none-eabi/13.1.0/../../../../arm-none-eabi/lib/thumb/gba_crt0.o (__libc_init_array)
C:/devkitPro/devkitARM/bin/../lib/gcc/arm-none-eabi/13.1.0/../../../../arm-none-eabi/lib/thumb\libsysbase.a(libsysbase_libsysbase_a-malloc_vars.o)
                              C:/devkitPro/devkitARM/bin/../lib/gcc/arm-none-eabi/13.1.0/../../../../arm-none-eabi/lib/thumb/gba_crt0.o (fake_heap_end)

Discarded input sections

 .text          0x00000000        0x0 C:/devkitPro/devkitARM/bin/../lib/gcc/arm-none-eabi/13.1.0/../../../../arm-none-eabi/lib/thumb/gba_crt0.o
 .data          0x00000000        0x0 C:/devkitPro/devkitARM/bin/../lib/gcc/arm-none-eabi/13.1.0/../../../../arm-none-eabi/lib/thumb/gba_crt0.o
 .bss           0x00000000        0x0 C:/devkitPro/devkitARM/bin/../lib/gcc/arm-none-eabi/13.1.0/../../../../arm-none-eabi/lib/thumb/gba_crt0.o
 .text          0x00000000        0x0 C:/devkitPro/devkitARM/bin/../lib/gcc/arm-none-eabi/13.1.0/thumb/crti.o
 .data          0x00000000        0x0 C:/devkitPro/devkitARM/bin/../lib/gcc/arm-none-eabi/13.1.0/thumb/crti.o
 .bss           0x00000000        0x0 C:/devkitPro/devkitARM/bin/../lib/gcc/arm-none-eabi/13.1.0/thumb/crti.o
 .text          0x00000000        0x0 C:/devkitPro/devkitARM/bin/../lib/gcc/arm-none-eabi/13.1.0/thumb/crtbegin.o
 .data          0x00000000        0x0 C:/devkitPro/devkitARM/bin/../lib/gcc/arm-none-eabi/13.1.0/thumb/crtbegin.o
 .bss           0x00000000        0x0 C:/devkitPro/devkitARM/bin/../lib/gcc/arm-none-eabi/13.1.0/thumb/crtbegin.o
 .rodata.all_implied_fbits
                0x00000000       0x24 C:/devkitPro/devkitARM/bin/../lib/gcc/arm-none-eabi/13.1.0/thumb/crtbegin.o
 .data.__dso_handle
                0x00000000        0x4 C:/devkitPro/devkitARM/bin/../lib/gcc/arm-none-eabi/13.1.0/thumb/crtbegin.o
 .text          0x00000000        0x0 face1.o
 .data          0x00000000        0x0 face1.o
 .bss           0x00000000        0x0 face1.o
 .text          0x00000000        0x0 face2.o
 .data          0x00000000        0x0 face2.o
 .bss           0x00000000        0x0 face2.o
 .rodata        0x00000000    0x25800 face2.o
 .debug_info    0x00000000       0x5a face2.o
 .debug_abbrev  0x00000000       0x52 face2.o
 .debug_aranges
                0x00000000       0x18 face2.o
 .debug_line    0x00000000       0x5c face2.o
 .debug_str     0x00000000       0xe6 face2.o
 .comment       0x00000000       0x24 face2.o
 .text          0x00000000        0x0 face3.o
 .data          0x00000000        0x0 face3.o
 .bss           0x00000000        0x0 face3.o
 .rodata        0x00000000    0x25800 face3.o
 .debug_info    0x00000000       0x5a face3.o
 .debug_abbrev  0x00000000       0x52 face3.o
 .debug_aranges
                0x00000000       0x18 face3.o
 .debug_line    0x00000000       0x5c face3.o
 .debug_str     0x00000000       0xe6 face3.o
 .comment       0x00000000       0x24 face3.o
 .text          0x00000000        0x0 face4.o
 .data          0x00000000        0x0 face4.o
 .bss           0x00000000        0x0 face4.o
 .rodata        0x00000000    0x25800 face4.o
 .debug_info    0x00000000       0x5a face4.o
 .debug_abbrev  0x00000000       0x52 face4.o
 .debug_aranges
                0x00000000       0x18 face4.o
 .debug_line    0x00000000       0x5c face4.o
 .debug_str     0x00000000       0xe6 face4.o
 .comment       0x00000000       0x24 face4.o
 .text          0x00000000        0x0 face5.o
 .data          0x00000000        0x0 face5.o
 .bss           0x00000000        0x0 face5.o
 .text          0x00000000        0x0 face6.o
 .data          0x00000000        0x0 face6.o
 .bss           0x00000000        0x0 face6.o
 .rodata        0x00000000    0x25800 face6.o
 .debug_info    0x00000000       0x5a face6.o
 .debug_abbrev  0x00000000       0x52 face6.o
 .debug_aranges
                0x00000000       0x18 face6.o
 .debug_line    0x00000000       0x5c face6.o
 .debug_str     0x00000000       0xe6 face6.o
 .comment       0x00000000       0x24 face6.o
 .text          0x00000000        0x0 face7.o
 .data          0x00000000        0x0 face7.o
 .bss           0x00000000        0x0 face7.o
 .rodata        0x00000000    0x25800 face7.o
 .debug_info    0x00000000       0x5a face7.o
 .debug_abbrev  0x00000000       0x52 face7.o
 .debug_aranges
                0x00000000       0x18 face7.o
 .debug_line    0x00000000       0x5c face7.o
 .debug_str     0x00000000       0xe6 face7.o
 .comment       0x00000000       0x24 face7.o
 .text          0x00000000        0x0 face8.o
 .data          0x00000000        0x0 face8.o
 .bss           0x00000000        0x0 face8.o
 .rodata        0x00000000    0x25800 face8.o
 .debug_info    0x00000000       0x5a face8.o
 .debug_abbrev  0x00000000       0x52 face8.o
 .debug_aranges
                0x00000000       0x18 face8.o
 .debug_line    0x00000000       0x5c face8.o
 .debug_str     0x00000000       0xe6 face8.o
 .comment       0x00000000       0x24 face8.o
 .text          0x00000000        0x0 face9.o
 .data          0x00000000        0x0 face9.o
 .bss           0x00000000        0x0 face9.o
 .rodata        0x00000000    0x25800 face9.o
 .debug_info    0x00000000       0x5a face9.o
 .debug_abbrev  0x00000000       0x52 face9.o
 .debug_aranges
                0x00000000       0x18 face9.o
 .debug_line    0x00000000       0x5c face9.o
 .debug_str     0x00000000       0xe6 face9.o
 .comment       0x00000000       0x24 face9.o
 .data          0x00000000        0x0 main.o
 .bss           0x00000000        0x0 main.o
 .text          0x00000000        0x0 C:/devkitPro/devkitARM/bin/../lib/gcc/arm-none-eabi/13.1.0/../../../../arm-none-eabi/lib/thumb\libg.a(libc_a-init.o)
 .data          0x00000000        0x0 C:/devkitPro/devkitARM/bin/../lib/gcc/arm-none-eabi/13.1.0/../../../../arm-none-eabi/lib/thumb\libg.a(libc_a-init.o)
 .bss           0x00000000        0x0 C:/devkitPro/devkitARM/bin/../lib/gcc/arm-none-eabi/13.1.0/../../../../arm-none-eabi/lib/thumb\libg.a(libc_a-init.o)
 .text          0x00000000        0x0 C:/devkitPro/devkitARM/bin/../lib/gcc/arm-none-eabi/13.1.0/../../../../arm-none-eabi/lib/thumb\libsysbase.a(libsysbase_libsysbase_a-malloc_vars.o)
 .data          0x00000000        0x0 C:/devkitPro/devkitARM/bin/../lib/gcc/arm-none-eabi/13.1.0/../../../../arm-none-eabi/lib/thumb\libsysbase.a(libsysbase_libsysbase_a-malloc_vars.o)
 .bss           0x00000000        0x0 C:/devkitPro/devkitARM/bin/../lib/gcc/arm-none-eabi/13.1.0/../../../../arm-none-eabi/lib/thumb\libsysbase.a(libsysbase_libsysbase_a-malloc_vars.o)
 .bss.fake_heap_start
                0x00000000        0x4 C:/devkitPro/devkitARM/bin/../lib/gcc/arm-none-eabi/13.1.0/../../../../arm-none-eabi/lib/thumb\libsysbase.a(libsysbase_libsysbase_a-malloc_vars.o)
 .text          0x00000000        0x0 C:/devkitPro/devkitARM/bin/../lib/gcc/arm-none-eabi/13.1.0/thumb/crtend.o
 .data          0x00000000        0x0 C:/devkitPro/devkitARM/bin/../lib/gcc/arm-none-eabi/13.1.0/thumb/crtend.o
 .bss           0x00000000        0x0 C:/devkitPro/devkitARM/bin/../lib/gcc/arm-none-eabi/13.1.0/thumb/crtend.o
 .rodata.all_implied_fbits
                0x00000000       0x24 C:/devkitPro/devkitARM/bin/../lib/gcc/arm-none-eabi/13.1.0/thumb/crtend.o
 .text          0x00000000        0x0 C:/devkitPro/devkitARM/bin/../lib/gcc/arm-none-eabi/13.1.0/thumb/crtn.o
 .data          0x00000000        0x0 C:/devkitPro/devkitARM/bin/../lib/gcc/arm-none-eabi/13.1.0/thumb/crtn.o
 .bss           0x00000000        0x0 C:/devkitPro/devkitARM/bin/../lib/gcc/arm-none-eabi/13.1.0/thumb/crtn.o

Memory Configuration

Name             Origin             Length             Attributes
rom              0x08000000         0x02000000
iwram            0x03000000         0x00008000
ewram            0x02000000         0x00040000
*default*        0x00000000         0xffffffff

Linker script and memory map

                0x08000000                        __text_start = ORIGIN (rom)
                0x02040000                        __eheap_end = (ORIGIN (ewram) + LENGTH (ewram))
                0x03000000                        __iwram_start = ORIGIN (iwram)
                0x03008000                        __iwram_top = (ORIGIN (iwram) + LENGTH (iwram))
                0x03007fa0                        __sp_irq = (__iwram_top - 0x60)
                0x03007f00                        __sp_usr = (__sp_irq - 0xa0)
                0x03007ff8                        __irq_flags = 0x3007ff8
                0x08000000                        . = __text_start

.crt0           0x08000000      0x210
 *(.crt0)
 .crt0          0x08000000      0x210 C:/devkitPro/devkitARM/bin/../lib/gcc/arm-none-eabi/13.1.0/../../../../arm-none-eabi/lib/thumb/gba_crt0.o
                0x08000000                _start
                0x080000c4                __boot_method
                0x080000c5                __slave_number
                0x080000e0                start_vector
                0x08000210                        . = ALIGN (0x4)

.init           0x08000210        0xc
 *(SORT_NONE(.init))
 .init          0x08000210        0x4 C:/devkitPro/devkitARM/bin/../lib/gcc/arm-none-eabi/13.1.0/thumb/crti.o
                0x08000210                _init
 .init          0x08000214        0x8 C:/devkitPro/devkitARM/bin/../lib/gcc/arm-none-eabi/13.1.0/thumb/crtn.o

.plt            0x0800021c        0x0
 *(.plt)
                0x0800021c                        . = ALIGN (0x4)

.text           0x0800021c      0x188
 *(EXCLUDE_FILE(*.iwram*) .text*)
 .text.__do_global_dtors_aux
                0x0800021c       0x2c C:/devkitPro/devkitARM/bin/../lib/gcc/arm-none-eabi/13.1.0/thumb/crtbegin.o
 .text.frame_dummy
                0x08000248       0x24 C:/devkitPro/devkitARM/bin/../lib/gcc/arm-none-eabi/13.1.0/thumb/crtbegin.o
 .text          0x0800026c       0xe4 main.o
                0x0800026c                main
 .text.__libc_init_array
                0x08000350       0x54 C:/devkitPro/devkitARM/bin/../lib/gcc/arm-none-eabi/13.1.0/../../../../arm-none-eabi/lib/thumb\libg.a(libc_a-init.o)
                0x08000350                __libc_init_array
 *(.gnu.linkonce.t.*)
 *(.text.*personality*)
 *(.gnu.warning)
 *(.glue_7t)
 .glue_7t       0x080003a4        0x0 linker stubs
 *(.glue_7)
 .glue_7        0x080003a4        0x0 linker stubs
 *(.vfp11_veneer)
 .vfp11_veneer  0x080003a4        0x0 linker stubs
                0x080003a4                        . = ALIGN (0x4)
                0x080003a4                        __text_end = .

.v4_bx          0x080003a4        0x0
 .v4_bx         0x080003a4        0x0 linker stubs

.iplt           0x080003a4        0x0
 .iplt          0x080003a4        0x0 C:/devkitPro/devkitARM/bin/../lib/gcc/arm-none-eabi/13.1.0/../../../../arm-none-eabi/lib/thumb/gba_crt0.o

.fini           0x080003a4        0xc
 *(.fini)
 .fini          0x080003a4        0x4 C:/devkitPro/devkitARM/bin/../lib/gcc/arm-none-eabi/13.1.0/thumb/crti.o
                0x080003a4                _fini
 .fini          0x080003a8        0x8 C:/devkitPro/devkitARM/bin/../lib/gcc/arm-none-eabi/13.1.0/thumb/crtn.o
                0x080003b0                        . = ALIGN (0x4)

.rodata         0x080003b0    0x4b000
 *(.rodata)
 .rodata        0x080003b0    0x25800 face1.o
                0x080003b0                face1_Map
 .rodata        0x08025bb0    0x25800 face5.o
                0x08025bb0                face5_Map
 *all.rodata*(*)
 *(.roda)
 *(.rodata.*)
 *(.gnu.linkonce.r*)
                0x0804b3b0                        . = ALIGN (0x4)

.ARM.extab
 *(.ARM.extab* .gnu.linkonce.armextab.*)
                0x0804b3b0                        __exidx_start = .

.ARM.exidx
 *(.ARM.exidx* .gnu.linkonce.armexidx.*)
                0x0804b3b0                        __exidx_end = .

.ctors          0x0804b3b0        0x0
 *crtbegin.o(.ctors)
 *(EXCLUDE_FILE(*crtend.o) .ctors)
 *(SORT_BY_NAME(.ctors.*))
 *(.ctors)
                0x0804b3b0                        . = ALIGN (0x4)

.dtors          0x0804b3b0        0x0
 *crtbegin.o(.dtors)
 *(EXCLUDE_FILE(*crtend.o) .dtors)
 *(SORT_BY_NAME(.dtors.*))
 *(.dtors)
                0x0804b3b0                        . = ALIGN (0x4)

.eh_frame       0x0804b3b0        0x4
 *(.eh_frame)
 .eh_frame      0x0804b3b0        0x0 C:/devkitPro/devkitARM/bin/../lib/gcc/arm-none-eabi/13.1.0/thumb/crtbegin.o
 .eh_frame      0x0804b3b0        0x4 C:/devkitPro/devkitARM/bin/../lib/gcc/arm-none-eabi/13.1.0/thumb/crtend.o
                0x0804b3b4                        . = ALIGN (0x4)

.gcc_except_table
                0x0804b3b4        0x0
 *(.gcc_except_table)
                0x0804b3b4                        . = ALIGN (0x4)
                0x0804b3b4                        __iwram_lma = .

.iwram          0x03000000        0x0 load address 0x0804b3b4
                0x03000000                        __iwram_start__ = ABSOLUTE (.)
 *(.iwram .iwram*)
 *iwram.*(.text* .data*)
                0x03000000                        . = ALIGN (0x4)
                0x03000000                        __iwram_end__ = ABSOLUTE (.)
                0x0804b3b4                        __data_lma = (__iwram_lma + SIZEOF (.iwram))

.bss            0x03000000       0x20
                0x03000000                        __bss_start = ABSOLUTE (.)
                0x03000000                        __bss_start__ = ABSOLUTE (.)
 *(.dynbss)
 *(.gnu.linkonce.b*)
 *(.bss*)
 .bss.completed.1
                0x03000000        0x1 C:/devkitPro/devkitARM/bin/../lib/gcc/arm-none-eabi/13.1.0/thumb/crtbegin.o
 *fill*         0x03000001        0x3 
 .bss.object.0  0x03000004       0x18 C:/devkitPro/devkitARM/bin/../lib/gcc/arm-none-eabi/13.1.0/thumb/crtbegin.o
 .bss.fake_heap_end
                0x0300001c        0x4 C:/devkitPro/devkitARM/bin/../lib/gcc/arm-none-eabi/13.1.0/../../../../arm-none-eabi/lib/thumb\libsysbase.a(libsysbase_libsysbase_a-malloc_vars.o)
                0x0300001c                fake_heap_end
 *(COMMON)
                0x03000020                        . = ALIGN (0x4)
                0x03000020                        __bss_end__ = ABSOLUTE (.)

.data           0x03000020        0x0 load address 0x0804b3b4
                0x03000020                        __data_start__ = ABSOLUTE (.)
 *(.data*)
 *(.gnu.linkonce.d*)
                0x03000020                        . = ALIGN (0x4)
                0x0804b3b4                        __preinit_lma = (__data_lma + SIZEOF (.data))

.igot.plt       0x03000000        0x0
 .igot.plt      0x03000000        0x0 C:/devkitPro/devkitARM/bin/../lib/gcc/arm-none-eabi/13.1.0/../../../../arm-none-eabi/lib/thumb/gba_crt0.o

.preinit_array  0x03000020        0x0 load address 0x0804b3b4
                0x03000020                        __preinit_array_start = ABSOLUTE (.)
 *(.preinit_array)
                0x03000020                        __preinit_array_end = ABSOLUTE (.)
                0x0804b3b4                        __init_lma = (__preinit_lma + SIZEOF (.preinit_array))

.init_array     0x03000020        0x4 load address 0x0804b3b4
                0x03000020                        __init_array_start = ABSOLUTE (.)
 *(SORT_BY_NAME(.init_array.*))
 *(.init_array)
 .init_array    0x03000020        0x4 C:/devkitPro/devkitARM/bin/../lib/gcc/arm-none-eabi/13.1.0/thumb/crtbegin.o
                0x03000024                        __init_array_end = ABSOLUTE (.)
                0x0804b3b8                        __fini_lma = (__init_lma + SIZEOF (.init_array))

.fini_array     0x03000024        0x4 load address 0x0804b3b8
                0x03000024                        __fini_array_start = ABSOLUTE (.)
 *(SORT_BY_NAME(.fini_array.*))
 *(.fini_array)
 .fini_array    0x03000024        0x4 C:/devkitPro/devkitARM/bin/../lib/gcc/arm-none-eabi/13.1.0/thumb/crtbegin.o
                0x03000028                        __fini_array_end = ABSOLUTE (.)
                0x0804b3bc                        __jcr_lma = (__fini_lma + SIZEOF (.fini_array))

.jcr
 *(.jcr)
                0x03000028                        __data_end__ = ABSOLUTE (.)
                0x0804b3bc                        __iwram_overlay_lma = (__jcr_lma + SIZEOF (.jcr))
                0x03000028                        __iwram_overlay_start = .

.iwram0         0x03000028        0x0 load address 0x0804b3bc
 *(.iwram0)
                0x03000028                        . = ALIGN (0x4)
                0x0804b3bc                        PROVIDE (__load_start_iwram0 = LOADADDR (.iwram0))
                0x0804b3bc                        PROVIDE (__load_stop_iwram0 = (LOADADDR (.iwram0) + SIZEOF (.iwram0)))

.iwram1         0x03000028        0x0
 *(.iwram1)
                0x03000028                        . = ALIGN (0x4)
                [!provide]                        PROVIDE (__load_start_iwram1 = LOADADDR (.iwram1))
                [!provide]                        PROVIDE (__load_stop_iwram1 = (LOADADDR (.iwram1) + SIZEOF (.iwram1)))

.iwram2         0x03000028        0x0
 *(.iwram2)
                0x03000028                        . = ALIGN (0x4)
                [!provide]                        PROVIDE (__load_start_iwram2 = LOADADDR (.iwram2))
                [!provide]                        PROVIDE (__load_stop_iwram2 = (LOADADDR (.iwram2) + SIZEOF (.iwram2)))

.iwram3         0x03000028        0x0
 *(.iwram3)
                0x03000028                        . = ALIGN (0x4)
                [!provide]                        PROVIDE (__load_start_iwram3 = LOADADDR (.iwram3))
                [!provide]                        PROVIDE (__load_stop_iwram3 = (LOADADDR (.iwram3) + SIZEOF (.iwram3)))

.iwram4         0x03000028        0x0
 *(.iwram4)
                0x03000028                        . = ALIGN (0x4)
                [!provide]                        PROVIDE (__load_start_iwram4 = LOADADDR (.iwram4))
                [!provide]                        PROVIDE (__load_stop_iwram4 = (LOADADDR (.iwram4) + SIZEOF (.iwram4)))

.iwram5         0x03000028        0x0
 *(.iwram5)
                0x03000028                        . = ALIGN (0x4)
                [!provide]                        PROVIDE (__load_start_iwram5 = LOADADDR (.iwram5))
                [!provide]                        PROVIDE (__load_stop_iwram5 = (LOADADDR (.iwram5) + SIZEOF (.iwram5)))

.iwram6         0x03000028        0x0
 *(.iwram6)
                0x03000028                        . = ALIGN (0x4)
                [!provide]                        PROVIDE (__load_start_iwram6 = LOADADDR (.iwram6))
                [!provide]                        PROVIDE (__load_stop_iwram6 = (LOADADDR (.iwram6) + SIZEOF (.iwram6)))

.iwram7         0x03000028        0x0
 *(.iwram7)
                0x03000028                        . = ALIGN (0x4)
                [!provide]                        PROVIDE (__load_start_iwram7 = LOADADDR (.iwram7))
                [!provide]                        PROVIDE (__load_stop_iwram7 = (LOADADDR (.iwram7) + SIZEOF (.iwram7)))

.iwram8         0x03000028        0x0
 *(.iwram8)
                0x03000028                        . = ALIGN (0x4)
                [!provide]                        PROVIDE (__load_start_iwram8 = LOADADDR (.iwram8))
                [!provide]                        PROVIDE (__load_stop_iwram8 = (LOADADDR (.iwram8) + SIZEOF (.iwram8)))

.iwram9         0x03000028        0x0
 *(.iwram9)
                0x03000028                        . = ALIGN (0x4)
                [!provide]                        PROVIDE (__load_start_iwram9 = LOADADDR (.iwram9))
                [!provide]                        PROVIDE (__load_stop_iwram9 = (LOADADDR (.iwram9) + SIZEOF (.iwram9)))
                0x03000028                        __iwram_overlay_end = .
                0x0804b3bc                        __ewram_lma = (__iwram_overlay_lma + (__iwram_overlay_end - __iwram_overlay_start))
                0x03000028                        __iheap_start = .
                0x02000000                        __ewram_start = ORIGIN (ewram)

.ewram          0x02000000        0x0 load address 0x0804b3bc
 *(.ewram*)
                0x02000000                        . = ALIGN (0x4)
                0x02000000                        __ewram_end = ABSOLUTE (.)
                0x0804b3bc                        __pad_lma = (__ewram_lma + SIZEOF (.ewram))

.sbss           0x02000000        0x0
                0x02000000                        __sbss_start__ = ABSOLUTE (.)
 *(.sbss*)
                0x02000000                        . = ALIGN (0x4)
                0x02000000                        __sbss_end__ = ABSOLUTE (.)
                0x02000000                        __end__ = ABSOLUTE (.)
                0x02000000                        __eheap_start = ABSOLUTE (.)

.pad            0x02000000        0x8 load address 0x0804b3bc
                0x02000000        0x4 LONG 0x52416b64
                0x02000004        0x4 LONG 0x4d
                0x02000008                        . = ALIGN (0x4)
                0x0804b3c4                        __rom_end__ = (__pad_lma + SIZEOF (.pad))

.rel.dyn        0x02000008        0x0 load address 0x0804b3c4
 .rel.iplt      0x02000008        0x0 C:/devkitPro/devkitARM/bin/../lib/gcc/arm-none-eabi/13.1.0/../../../../arm-none-eabi/lib/thumb/gba_crt0.o

.stab
 *(.stab)

.stabstr
 *(.stabstr)

.stab.excl
 *(.stab.excl)

.stab.exclstr
 *(.stab.exclstr)

.stab.index
 *(.stab.index)

.stab.indexstr
 *(.stab.indexstr)

.comment        0x00000000       0x23
 *(.comment)
 .comment       0x00000000       0x23 C:/devkitPro/devkitARM/bin/../lib/gcc/arm-none-eabi/13.1.0/thumb/crtbegin.o
                                 0x24 (size before relaxing)
 .comment       0x00000023       0x24 face1.o
 .comment       0x00000023       0x24 face5.o
 .comment       0x00000023       0x24 main.o
 .comment       0x00000023       0x24 C:/devkitPro/devkitARM/bin/../lib/gcc/arm-none-eabi/13.1.0/../../../../arm-none-eabi/lib/thumb\libg.a(libc_a-init.o)
 .comment       0x00000023       0x24 C:/devkitPro/devkitARM/bin/../lib/gcc/arm-none-eabi/13.1.0/../../../../arm-none-eabi/lib/thumb\libsysbase.a(libsysbase_libsysbase_a-malloc_vars.o)
 .comment       0x00000023       0x24 C:/devkitPro/devkitARM/bin/../lib/gcc/arm-none-eabi/13.1.0/thumb/crtend.o

.debug
 *(.debug)

.line
 *(.line)

.debug_srcinfo
 *(.debug_srcinfo)

.debug_sfnames
 *(.debug_sfnames)

.debug_aranges  0x00000000       0x50
 *(.debug_aranges)
 .debug_aranges
                0x00000000       0x18 face1.o
 .debug_aranges
                0x00000018       0x18 face5.o
 .debug_aranges
                0x00000030       0x20 main.o

.debug_pubnames
 *(.debug_pubnames)

.debug_info     0x00000000      0x189
 *(.debug_info)
 .debug_info    0x00000000       0x5a face1.o
 .debug_info    0x0000005a       0x5a face5.o
 .debug_info    0x000000b4       0xd5 main.o

.debug_abbrev   0x00000000      0x13b
 *(.debug_abbrev)
 .debug_abbrev  0x00000000       0x52 face1.o
 .debug_abbrev  0x00000052       0x52 face5.o
 .debug_abbrev  0x000000a4       0x97 main.o

.debug_line     0x00000000      0x1ae
 *(.debug_line)
 .debug_line    0x00000000       0x5c face1.o
 .debug_line    0x0000005c       0x5c face5.o
 .debug_line    0x000000b8       0xf6 main.o

.debug_frame    0x00000000       0x30
 *(.debug_frame)
 .debug_frame   0x00000000       0x30 main.o

.debug_str      0x00000000      0x179
 *(.debug_str)
 .debug_str     0x00000000       0xe6 face1.o
 .debug_str     0x000000e6       0x46 face5.o
                                 0xe6 (size before relaxing)
 .debug_str     0x0000012c       0x4d main.o
                                 0xf4 (size before relaxing)

.debug_loc      0x00000000       0x38
 *(.debug_loc)
 .debug_loc     0x00000000       0x38 main.o

.debug_macinfo
 *(.debug_macinfo)

.debug_weaknames
 *(.debug_weaknames)

.debug_funcnames
 *(.debug_funcnames)

.debug_typenames
 *(.debug_typenames)

.debug_varnames
 *(.debug_varnames)

.stack          0x00080000        0x0
                0x00080000                        _stack = .
 *(.stack)

.note.gnu.arm.ident
 *(.note.gnu.arm.ident)

.ARM.attributes
                0x00000000       0x2c
 *(.ARM.attributes)
 .ARM.attributes
                0x00000000       0x20 C:/devkitPro/devkitARM/bin/../lib/gcc/arm-none-eabi/13.1.0/../../../../arm-none-eabi/lib/thumb/gba_crt0.o
 .ARM.attributes
                0x00000020       0x1c C:/devkitPro/devkitARM/bin/../lib/gcc/arm-none-eabi/13.1.0/thumb/crti.o
 .ARM.attributes
                0x0000003c       0x2a C:/devkitPro/devkitARM/bin/../lib/gcc/arm-none-eabi/13.1.0/thumb/crtbegin.o
 .ARM.attributes
                0x00000066       0x2a face1.o
 .ARM.attributes
                0x00000090       0x2a face2.o
 .ARM.attributes
                0x000000ba       0x2a face3.o
 .ARM.attributes
                0x000000e4       0x2a face4.o
 .ARM.attributes
                0x0000010e       0x2a face5.o
 .ARM.attributes
                0x00000138       0x2a face6.o
 .ARM.attributes
                0x00000162       0x2a face7.o
 .ARM.attributes
                0x0000018c       0x2a face8.o
 .ARM.attributes
                0x000001b6       0x2a face9.o
 .ARM.attributes
                0x000001e0       0x2a main.o
 .ARM.attributes
                0x0000020a       0x2a C:/devkitPro/devkitARM/bin/../lib/gcc/arm-none-eabi/13.1.0/../../../../arm-none-eabi/lib/thumb\libg.a(libc_a-init.o)
 .ARM.attributes
                0x00000234       0x2a C:/devkitPro/devkitARM/bin/../lib/gcc/arm-none-eabi/13.1.0/../../../../arm-none-eabi/lib/thumb\libsysbase.a(libsysbase_libsysbase_a-malloc_vars.o)
 .ARM.attributes
                0x0000025e       0x2a C:/devkitPro/devkitARM/bin/../lib/gcc/arm-none-eabi/13.1.0/thumb/crtend.o
 .ARM.attributes
                0x00000288       0x1c C:/devkitPro/devkitARM/bin/../lib/gcc/arm-none-eabi/13.1.0/thumb/crtn.o

/DISCARD/
 *(.note.GNU-stack)
LOAD C:/devkitPro/devkitARM/bin/../lib/gcc/arm-none-eabi/13.1.0/../../../../arm-none-eabi/lib/thumb/gba_crt0.o
LOAD C:/devkitPro/devkitARM/bin/../lib/gcc/arm-none-eabi/13.1.0/thumb/crti.o
LOAD C:/devkitPro/devkitARM/bin/../lib/gcc/arm-none-eabi/13.1.0/thumb/crtbegin.o
LOAD face1.o
LOAD face2.o
LOAD face3.o
LOAD face4.o
LOAD face5.o
LOAD face6.o
LOAD face7.o
LOAD face8.o
LOAD face9.o
LOAD main.o
LOAD C:/devkitPro/libgba/lib\libmm.a
LOAD C:/devkitPro/libgba/lib\libgba.a
START GROUP
LOAD C:/devkitPro/devkitARM/bin/../lib/gcc/arm-none-eabi/13.1.0/thumb\libgcc.a
LOAD C:/devkitPro/devkitARM/bin/../lib/gcc/arm-none-eabi/13.1.0/../../../../arm-none-eabi/lib/thumb\libg.a
LOAD C:/devkitPro/devkitARM/bin/../lib/gcc/arm-none-eabi/13.1.0/../../../../arm-none-eabi/lib/thumb\libc.a
LOAD C:/devkitPro/devkitARM/bin/../lib/gcc/arm-none-eabi/13.1.0/../../../../arm-none-eabi/lib/thumb\libsysbase.a
END GROUP
LOAD C:/devkitPro/devkitARM/bin/../lib/gcc/arm-none-eabi/13.1.0/thumb/crtend.o
LOAD C:/devkitPro/devkitARM/bin/../lib/gcc/arm-none-eabi/13.1.0/thumb/crtn.o
OUTPUT(C:/Users/judeh/Documents/GitHub/GBA-BMO-Face/GBA-BMO-Face.elf elf32-littlearm)
LOAD linker stubs
